Server started
Server started
User registered
User registered
[2026-10-06 16:08:02] SERVER_STARTED
[2026-10-06 16:08:10] CLIENT_CONNECTED
[2026-10-06 16:08:14] REGISTER username=amal
[2026-10-06 16:08:47] CLIENT_CONNECTED
[2026-10-06 16:08:52] REGISTER username=kamal
[2026-10-06 16:09:44] FILE_RECEIVED sender=amal target=kamal file=test.txt size=22
[2026-10-06 16:10:47] FILE_RECEIVED sender=kamal target=CSNE file=test.txt size=22
[2026-10-06 17:21:09] DISCONNECT username=amal
[2026-10-06 17:21:27] SERVER_STARTED
[2026-10-06 17:21:40] CLIENT_CONNECTED
[2026-10-06 17:21:47] REGISTER username=amal
[2026-10-06 17:22:09] CLIENT_CONNECTED
[2026-10-06 17:22:12] REGISTER username=kamal
[2026-10-06 17:22:47] FILE_RECEIVED sender=kamal target=amal file=test.txt size=22
[2026-10-06 19:03:51] [INFO] Server started on port 10822
[2026-10-06 19:03:56] [INFO] Client connected
[2026-10-06 19:04:02] [INFO] User registered: amal
[2026-10-06 19:04:08] [INFO] Client connected
[2026-10-06 19:04:12] [INFO] User registered: kamal
[2026-10-06 19:05:16] [INFO] FILE_RECEIVED sender=amal target=kamal file=test.txt size=22
